error: all variants must have #[discriminant(N)] attribute
 --> tests/ui/missing_discriminant.rs:3:10
  |
3 | #[derive(ForwardCompatibleEnum)]
  |          ^^^^^^^^^^^^^^^^^^^^^
  |
  = note: this error originates in the derive macro `ForwardCompatibleEnum` (in Nightly builds, run with -Z macro-backtrace for more info)

error[E0601]: `main` function not found in crate `$CRATE`
 --> tests/ui/missing_discriminant.rs:9:2
  |
9 | }
  |  ^ consider adding a `main` function to `$DIR/tests/ui/missing_discriminant.rs`
